// Jest Snapshot v1, https://goo.gl/fbAQLP

exports[`matches snapshot 1`] = `
<DocumentFragment>
  <div>
    <p>
      Hello
    </p>
    <p>
      Fixed Component
    </p>
    <p>
       
    </p>
    <p />
    <p />
  </div>
</DocumentFragment>
`;
